[22-09-2026 17:05:45] seed 42, lag 1, 1901 bank-years 2006-2012, 16 crisis / 9 non-crisis countries, 15 micro, 9 macro
[22-09-2026 17:12:59] AUT (1/25): 19 bank-years scored in 7.2 min
[22-09-2026 17:19:39] BEL (2/25): 64 bank-years scored in 6.7 min
[22-09-2026 17:27:32] BGR (3/25): 27 bank-years scored in 7.9 min
[22-09-2026 17:33:11] CZE (4/25): 49 bank-years scored in 5.7 min
[22-09-2026 17:39:49] DEU (5/25): 84 bank-years scored in 6.6 min
[22-09-2026 17:44:58] DNK (6/25): 103 bank-years scored in 5.2 min
[22-09-2026 17:51:28] ESP (7/25): 136 bank-years scored in 6.5 min
[22-09-2026 17:58:09] EST (8/25): 22 bank-years scored in 6.7 min
[22-09-2026 18:05:31] FIN (9/25): 30 bank-years scored in 7.4 min
[22-09-2026 18:10:12] FRA (10/25): 575 bank-years scored in 4.7 min
[22-09-2026 18:15:34] GRC (11/25): 39 bank-years scored in 5.4 min
[22-09-2026 18:24:22] HRV (12/25): 39 bank-years scored in 8.8 min
[22-09-2026 18:31:49] HUN (13/25): 52 bank-years scored in 7.5 min
[22-09-2026 18:40:25] IRL (14/25): 47 bank-years scored in 8.6 min
[22-09-2026 18:48:08] ITA (15/25): 170 bank-years scored in 7.7 min
[22-09-2026 18:55:10] LTU (16/25): 22 bank-years scored in 7.0 min
[22-09-2026 19:02:18] LUX (17/25): 26 bank-years scored in 7.1 min
[22-09-2026 19:09:10] LVA (18/25): 34 bank-years scored in 6.9 min
[22-09-2026 19:18:53] NLD (19/25): 99 bank-years scored in 9.7 min
[22-09-2026 19:26:42] POL (20/25): 75 bank-years scored in 7.8 min
[22-09-2026 19:35:41] PRT (21/25): 58 bank-years scored in 9.0 min
[22-09-2026 19:42:14] ROU (22/25): 29 bank-years scored in 6.6 min
[22-09-2026 19:48:34] SVK (23/25): 35 bank-years scored in 6.3 min
[22-09-2026 19:58:04] SVN (24/25): 23 bank-years scored in 9.5 min
[22-09-2026 20:03:33] SWE (25/25): 44 bank-years scored in 5.5 min
[22-09-2026 20:03:33] finished
